// Jest Snapshot v1, https://goo.gl/fbAQLP

exports[`CarouselSlide Img renders correctly 1`] = `
.c0 {
  object-fit: contain;
  width: 100%;
  height: 500px;
}

<img
  className="c0"
  src="https://example.com/default.jpg"
/>
`;

exports[`CarouselSlide renders correctly 1`] = `
<figure>
  <CarouselSlide__Img
    alt="an image"
    imgHeight={500}
    src="default"
  />
  <figcaption>
    <strong>
      descriotn
    </strong>
     
    attrib
  </figcaption>
</figure>
`;
